---
source: crates/rome_js_formatter/tests/spec_test.rs
expression: import_trailing_comma.js
---
# Input
import {
	adsadasdasdasdasdasdasdasdasdasdas,
	dsadsadasdasdasdasdasdasdasd,
	dsadsadasdasdasdasdasdasdasd,
} from "D";

import {
	adsadasdasdasdasdasdasdasdasdasdas,
	dsadsadasdasdasdasdasdasdasd,
	dsadsadasdasdasdasdasdasdasd, } from "W";

=============================
# Outputs
## Output 1
-----
Indent style: Tab
Line width: 80
Quote style: Double Quotes
Quote properties: As needed
Trailing comma: All
-----
import {
	adsadasdasdasdasdasdasdasdasdasdas,
	dsadsadasdasdasdasdasdasdasd,
	dsadsadasdasdasdasdasdasdasd,
} from "D";

import {
	adsadasdasdasdasdasdasdasdasdasdas,
	dsadsadasdasdasdasdasdasdasd,
	dsadsadasdasdasdasdasdasdasd,
} from "W";
## Output 2
-----
Indent style: Tab
Line width: 80
Quote style: Double Quotes
Quote properties: As needed
Trailing comma: ES5
-----
import {
	adsadasdasdasdasdasdasdasdasdasdas,
	dsadsadasdasdasdasdasdasdasd,
	dsadsadasdasdasdasdasdasdasd,
} from "D";

import {
	adsadasdasdasdasdasdasdasdasdasdas,
	dsadsadasdasdasdasdasdasdasd,
	dsadsadasdasdasdasdasdasdasd,
} from "W";

