---
source: crates/rome_js_formatter/tests/spec_test.rs
expression: module_declaration.ts
---
# Input
module singleName { }


module qualified.name { }

=============================
# Outputs
## Output 1
-----
Indent style: Tab
Line width: 80
Quote style: Double Quotes
Quote properties: As needed
Trailing comma: All
-----
module singleName {}

module qualified.name {}

