---
source: crates/rome_js_formatter/tests/spec_test.rs
expression: export_trailing_comma.js
---
# Input
export {
	adsadasdasdasdasdasdasdasdasdasdas,
	dsadsadasdasdasdasdasdasdasd,
	dsadsadasdasdasdasdasdasdasd,
};

=============================
# Outputs
## Output 1
-----
Indent style: Tab
Line width: 80
Quote style: Double Quotes
Quote properties: As needed
Trailing comma: All
-----
export {
	adsadasdasdasdasdasdasdasdasdasdas,
	dsadsadasdasdasdasdasdasdasd,
	dsadsadasdasdasdasdasdasdasd,
};
## Output 2
-----
Indent style: Tab
Line width: 80
Quote style: Double Quotes
Quote properties: As needed
Trailing comma: ES5
-----
export {
	adsadasdasdasdasdasdasdasdasdasdas,
	dsadsadasdasdasdasdasdasdasd,
	dsadsadasdasdasdasdasdasdasd,
};

