---
source: crates/rome_js_formatter/tests/spec_test.rs
assertion_line: 265
expression: bare_imports.js
---
# Input
import "polyfill"
import "b"
import "@scoped/side-effects"
import "@aaa/side-effects" 
=============================
# Outputs
## Output 1
-----
Indent style: Tab
Line width: 80
Quote style: Double Quotes
**Using experimental flags: false** 
-----
import "polyfill";
import "b";
import "@scoped/side-effects";
import "@aaa/side-effects";
## Output 2
-----
Indent style: Tab
Line width: 80
Quote style: Double Quotes
**Using experimental flags: false** 
-----
import "polyfill";
import "b";
import "@scoped/side-effects";
import "@aaa/side-effects";

