---
source: crates/rome_js_analyze/tests/spec_tests.rs
expression: invalid.js
---
# Input
```js
var a = 1;
switch (a) {
	case 1:
		break;
	case 1:
		break;
	case 2:
		break;
	default:
		break;
}
var a = "1";
switch (a) {
	case "1":
		break;
	case "1":
		break;
	case "2":
		break;
	default:
		break;
}
var a = 1,
	one = 1;
switch (a) {
	case one:
		break;
	case one:
		break;
	case 2:
		break;
	default:
		break;
}
var a = 1,
	p = { p: { p1: 1, p2: 1 } };
switch (a) {
	case p.p.p1:
		break;
	case p.p.p1:
		break;
	default:
		break;
}
var a = 1,
	f = function (b) {
		return b ? { p1: 1 } : { p1: 2 };
	};
switch (a) {
	case f(true).p1:
		break;
	case f(true).p1:
		break;
	default:
		break;
}
var a = 1,
	f = function (s) {
		return { p1: s };
	};
switch (a) {
	case f(a + 1).p1:
		break;
	case f(a + 1).p1:
		break;
	default:
		break;
}
var a = 1,
	f = function (s) {
		return { p1: s };
	};
switch (a) {
	case f(a === 1 ? 2 : 3).p1:
		break;
	case f(a === 1 ? 2 : 3).p1:
		break;
	default:
		break;
}
var a = 1,
	f1 = function () {
		return { p1: 1 };
	};
switch (a) {
	case f1().p1:
		break;
	case f1().p1:
		break;
	default:
		break;
}
var a = [1, 2];
switch (a.toString()) {
	case [1, 2].toString():
		break;
	case [1, 2].toString():
		break;
	default:
		break;
}
switch (a) {
	case a:
	case a:
}
switch (a) {
	case a:
		break;
	case b:
		break;
	case a:
		break;
	case c:
		break;
	case a:
		break;
}
var a = 1,
	p = { p: { p1: 1, p2: 1 } };
switch (a) {
	case p.p.p1:
		break;
	case p.p.p1: // comment\n
		break;
	default:
		break;
}
var a = 1,
	p = { p: { p1: 1, p2: 1 } };
switch (a) {
	case /* comment */
	p.p.p1:
		break;
	case p.p.p1:
		break;
	default:
		break;
}
var a = 1,
	p = { p: { p1: 1, p2: 1 } };
switch (a) {
	case p.p /* comment */.p1:
		break;
	case p.p.p1: // comment
		break;
	default:
		break;
}
var a = 1,
	p = { p: { p1: 1, p2: 1 } };
switch (a) {
	case p.p.p1:
		break;
	case p.p.p1: // comment
		break;
	case /* comment */
	p.p.p1:
		break;
	default:
		break;
}
var a = 1,
	f = function (s) {
		return { p1: s };
	};
switch (a) {
	case f(a + 1).p1:
		break;
	case f(a + 1).p1:
		break;
	default:
		break;
}
var a = 1,
	f = function (s) {
		return { p1: s };
	};
switch (a) {
	case f(
		a + 1 // comment
	).p1:
		break;
	case f(a + 1).p1:
		break;
	default:
		break;
}

```

# Diagnostics
```
invalid.js:5:7 lint/nursery/noDuplicateCase ━━━━━━━━━━━━━━━━━━━━━━━━━━━━━━━━━━━━━━━━━━━━━━━━━━━━━━━━

  ! Duplicate case label.
  
    3 │ 	case 1:
    4 │ 		break;
  > 5 │ 	case 1:
      │ 	     ^
    6 │ 		break;
    7 │ 	case 2:
  

```

```
invalid.js:16:7 lint/nursery/noDuplicateCase ━━━━━━━━━━━━━━━━━━━━━━━━━━━━━━━━━━━━━━━━━━━━━━━━━━━━━━━

  ! Duplicate case label.
  
    14 │ 	case "1":
    15 │ 		break;
  > 16 │ 	case "1":
       │ 	     ^^^
    17 │ 		break;
    18 │ 	case "2":
  

```

```
invalid.js:28:7 lint/nursery/noDuplicateCase ━━━━━━━━━━━━━━━━━━━━━━━━━━━━━━━━━━━━━━━━━━━━━━━━━━━━━━━

  ! Duplicate case label.
  
    26 │ 	case one:
    27 │ 		break;
  > 28 │ 	case one:
       │ 	     ^^^
    29 │ 		break;
    30 │ 	case 2:
  

```

```
invalid.js:40:7 lint/nursery/noDuplicateCase ━━━━━━━━━━━━━━━━━━━━━━━━━━━━━━━━━━━━━━━━━━━━━━━━━━━━━━━

  ! Duplicate case label.
  
    38 │ 	case p.p.p1:
    39 │ 		break;
  > 40 │ 	case p.p.p1:
       │ 	     ^^^^^^
    41 │ 		break;
    42 │ 	default:
  

```

```
invalid.js:52:7 lint/nursery/noDuplicateCase ━━━━━━━━━━━━━━━━━━━━━━━━━━━━━━━━━━━━━━━━━━━━━━━━━━━━━━━

  ! Duplicate case label.
  
    50 │ 	case f(true).p1:
    51 │ 		break;
  > 52 │ 	case f(true).p1:
       │ 	     ^^^^^^^^^^
    53 │ 		break;
    54 │ 	default:
  

```

```
invalid.js:64:7 lint/nursery/noDuplicateCase ━━━━━━━━━━━━━━━━━━━━━━━━━━━━━━━━━━━━━━━━━━━━━━━━━━━━━━━

  ! Duplicate case label.
  
    62 │ 	case f(a + 1).p1:
    63 │ 		break;
  > 64 │ 	case f(a + 1).p1:
       │ 	     ^^^^^^^^^^^
    65 │ 		break;
    66 │ 	default:
  

```

```
invalid.js:76:7 lint/nursery/noDuplicateCase ━━━━━━━━━━━━━━━━━━━━━━━━━━━━━━━━━━━━━━━━━━━━━━━━━━━━━━━

  ! Duplicate case label.
  
    74 │ 	case f(a === 1 ? 2 : 3).p1:
    75 │ 		break;
  > 76 │ 	case f(a === 1 ? 2 : 3).p1:
       │ 	     ^^^^^^^^^^^^^^^^^^^^^
    77 │ 		break;
    78 │ 	default:
  

```

```
invalid.js:88:7 lint/nursery/noDuplicateCase ━━━━━━━━━━━━━━━━━━━━━━━━━━━━━━━━━━━━━━━━━━━━━━━━━━━━━━━

  ! Duplicate case label.
  
    86 │ 	case f1().p1:
    87 │ 		break;
  > 88 │ 	case f1().p1:
       │ 	     ^^^^^^^
    89 │ 		break;
    90 │ 	default:
  

```

```
invalid.js:97:7 lint/nursery/noDuplicateCase ━━━━━━━━━━━━━━━━━━━━━━━━━━━━━━━━━━━━━━━━━━━━━━━━━━━━━━━

  ! Duplicate case label.
  
    95 │ 	case [1, 2].toString():
    96 │ 		break;
  > 97 │ 	case [1, 2].toString():
       │ 	     ^^^^^^^^^^^^^^^^^
    98 │ 		break;
    99 │ 	default:
  

```

```
invalid.js:104:7 lint/nursery/noDuplicateCase ━━━━━━━━━━━━━━━━━━━━━━━━━━━━━━━━━━━━━━━━━━━━━━━━━━━━━━

  ! Duplicate case label.
  
    102 │ switch (a) {
    103 │ 	case a:
  > 104 │ 	case a:
        │ 	     ^
    105 │ }
    106 │ switch (a) {
  

```

```
invalid.js:111:7 lint/nursery/noDuplicateCase ━━━━━━━━━━━━━━━━━━━━━━━━━━━━━━━━━━━━━━━━━━━━━━━━━━━━━━

  ! Duplicate case label.
  
    109 │ 	case b:
    110 │ 		break;
  > 111 │ 	case a:
        │ 	     ^
    112 │ 		break;
    113 │ 	case c:
  

```

```
invalid.js:115:7 lint/nursery/noDuplicateCase ━━━━━━━━━━━━━━━━━━━━━━━━━━━━━━━━━━━━━━━━━━━━━━━━━━━━━━

  ! Duplicate case label.
  
    113 │ 	case c:
    114 │ 		break;
  > 115 │ 	case a:
        │ 	     ^
    116 │ 		break;
    117 │ }
  

```

```
invalid.js:123:7 lint/nursery/noDuplicateCase ━━━━━━━━━━━━━━━━━━━━━━━━━━━━━━━━━━━━━━━━━━━━━━━━━━━━━━

  ! Duplicate case label.
  
    121 │ 	case p.p.p1:
    122 │ 		break;
  > 123 │ 	case p.p.p1: // comment\n
        │ 	     ^^^^^^
    124 │ 		break;
    125 │ 	default:
  

```

```
invalid.js:134:7 lint/nursery/noDuplicateCase ━━━━━━━━━━━━━━━━━━━━━━━━━━━━━━━━━━━━━━━━━━━━━━━━━━━━━━

  ! Duplicate case label.
  
    132 │ 	p.p.p1:
    133 │ 		break;
  > 134 │ 	case p.p.p1:
        │ 	     ^^^^^^
    135 │ 		break;
    136 │ 	default:
  

```

```
invalid.js:154:7 lint/nursery/noDuplicateCase ━━━━━━━━━━━━━━━━━━━━━━━━━━━━━━━━━━━━━━━━━━━━━━━━━━━━━━

  ! Duplicate case label.
  
    152 │ 	case p.p.p1:
    153 │ 		break;
  > 154 │ 	case p.p.p1: // comment
        │ 	     ^^^^^^
    155 │ 		break;
    156 │ 	case /* comment */
  

```

```
invalid.js:157:2 lint/nursery/noDuplicateCase ━━━━━━━━━━━━━━━━━━━━━━━━━━━━━━━━━━━━━━━━━━━━━━━━━━━━━━

  ! Duplicate case label.
  
    155 │ 		break;
    156 │ 	case /* comment */
  > 157 │ 	p.p.p1:
        │ 	^^^^^^
    158 │ 		break;
    159 │ 	default:
  

```

```
invalid.js:169:7 lint/nursery/noDuplicateCase ━━━━━━━━━━━━━━━━━━━━━━━━━━━━━━━━━━━━━━━━━━━━━━━━━━━━━━

  ! Duplicate case label.
  
    167 │ 	case f(a + 1).p1:
    168 │ 		break;
  > 169 │ 	case f(a + 1).p1:
        │ 	     ^^^^^^^^^^^
    170 │ 		break;
    171 │ 	default:
  

```


