---
source: crates/rome_js_formatter/tests/spec_test.rs
assertion_line: 242
expression: parenthesis.ts
---
# Input
class C extends Something! {}
=============================
# Outputs
## Output 1
-----
Indent style: Tab
Line width: 80
Quote style: Double Quotes
-----
class C extends (Something!) {}

