---
source: crates/rome_js_formatter/tests/spec_test.rs
expression: object_trailing_comma.js
---
# Input
const b = {
	longlonglonglongField1,
	longlonglonglongField2,
	longlonglonglongField3,
};

const {  	adsadasdasdasdasdasdasdasdasdasdas,
	dsadsadasdasdasdasdasdasdasd,
	dsadsadasdasdasdasdasdasdasd,} = o;

=============================
# Outputs
## Output 1
-----
Indent style: Tab
Line width: 80
Quote style: Double Quotes
Quote properties: As needed
Trailing comma: All
-----
const b = {
	longlonglonglongField1,
	longlonglonglongField2,
	longlonglonglongField3,
};

const {
	adsadasdasdasdasdasdasdasdasdasdas,
	dsadsadasdasdasdasdasdasdasd,
	dsadsadasdasdasdasdasdasdasd,
} = o;
## Output 2
-----
Indent style: Tab
Line width: 80
Quote style: Double Quotes
Quote properties: As needed
Trailing comma: ES5
-----
const b = {
	longlonglonglongField1,
	longlonglonglongField2,
	longlonglonglongField3,
};

const {
	adsadasdasdasdasdasdasdasdasdasdas,
	dsadsadasdasdasdasdasdasdasd,
	dsadsadasdasdasdasdasdasdasd,
} = o;

