---
source: crates/rome_formatter_test/src/snapshot_builder.rs
info: js/decorators/mixed.js
---

# Input

```js
// https://github.com/prettier/prettier/issues/6747

@foo
export default class MyComponent {
  @task
  *foo() {
  }
}
```


# Prettier differences

```diff
--- Prettier
+++ Rome
@@ -2,6 +2,5 @@
 
 @foo
 export default class MyComponent {
-  @task
-  *foo() {}
+  @task *foo() {}
 }
```

# Output

```js
// https://github.com/prettier/prettier/issues/6747

@foo
export default class MyComponent {
  @task *foo() {}
}
```

# Errors
```
mixed.js:3:1 parse ━━━━━━━━━━━━━━━━━━━━━━━━━━━━━━━━━━━━━━━━━━━━━━━━━━━━━━━━━━━━━━━━━━━━━━━━━━━━━━━━━

  × Decorators are not valid here
  
    1 │ // https://github.com/prettier/prettier/issues/6747
    2 │ 
  > 3 │ @foo
      │ ^^^^
    4 │ export default class MyComponent {
    5 │   @task
  

```


